ERROR - 2026-05-06 07:14:12 --> Error connecting to the database: mysqli_sql_exception: No such file or directory in /home/midera/S4/Mr Rojo/FORMULAIRE LUNDI/codeigniter4-framework-b3359be/system/Database/MySQLi/Connection.php:201
Stack trace:
#0 /home/midera/S4/Mr Rojo/FORMULAIRE LUNDI/codeigniter4-framework-b3359be/system/Database/MySQLi/Connection.php(201): mysqli->real_connect()
#1 /home/midera/S4/Mr Rojo/FORMULAIRE LUNDI/codeigniter4-framework-b3359be/system/Database/BaseConnection.php(555): CodeIgniter\Database\MySQLi\Connection->connect()
#2 /home/midera/S4/Mr Rojo/FORMULAIRE LUNDI/codeigniter4-framework-b3359be/system/Database/BaseConnection.php(795): CodeIgniter\Database\BaseConnection->initialize()
#3 /home/midera/S4/Mr Rojo/FORMULAIRE LUNDI/codeigniter4-framework-b3359be/system/Database/BaseBuilder.php(1649): CodeIgniter\Database\BaseConnection->query()
#4 /home/midera/S4/Mr Rojo/FORMULAIRE LUNDI/codeigniter4-framework-b3359be/system/Model.php(295): CodeIgniter\Database\BaseBuilder->get()
#5 /home/midera/S4/Mr Rojo/FORMULAIRE LUNDI/codeigniter4-framework-b3359be/system/BaseModel.php(714): CodeIgniter\Model->doFirst()
#6 /home/midera/S4/Mr Rojo/FORMULAIRE LUNDI/codeigniter4-framework-b3359be/app/Controllers/RegisterController.php(31): CodeIgniter\BaseModel->first()
#7 /home/midera/S4/Mr Rojo/FORMULAIRE LUNDI/codeigniter4-framework-b3359be/system/CodeIgniter.php(951): App\Controllers\RegisterController->step1Save()
#8 /home/midera/S4/Mr Rojo/FORMULAIRE LUNDI/codeigniter4-framework-b3359be/system/CodeIgniter.php(497): CodeIgniter\CodeIgniter->runController()
#9 /home/midera/S4/Mr Rojo/FORMULAIRE LUNDI/codeigniter4-framework-b3359be/system/CodeIgniter.php(340): CodeIgniter\CodeIgniter->handleRequest()
#10 /home/midera/S4/Mr Rojo/FORMULAIRE LUNDI/codeigniter4-framework-b3359be/system/Boot.php(417): CodeIgniter\CodeIgniter->run()
#11 /home/midera/S4/Mr Rojo/FORMULAIRE LUNDI/codeigniter4-framework-b3359be/system/Boot.php(68): CodeIgniter\Boot::runCodeIgniter()
#12 /home/midera/S4/Mr Rojo/FORMULAIRE LUNDI/codeigniter4-framework-b3359be/public/index.php(59): CodeIgniter\Boot::bootWeb()
#13 {main}

Next CodeIgniter\Database\Exceptions\DatabaseException: No such file or directory in /home/midera/S4/Mr Rojo/FORMULAIRE LUNDI/codeigniter4-framework-b3359be/system/Database/MySQLi/Connection.php:231
Stack trace:
#0 /home/midera/S4/Mr Rojo/FORMULAIRE LUNDI/codeigniter4-framework-b3359be/system/Database/BaseConnection.php(555): CodeIgniter\Database\MySQLi\Connection->connect()
#1 /home/midera/S4/Mr Rojo/FORMULAIRE LUNDI/codeigniter4-framework-b3359be/system/Database/BaseConnection.php(795): CodeIgniter\Database\BaseConnection->initialize()
#2 /home/midera/S4/Mr Rojo/FORMULAIRE LUNDI/codeigniter4-framework-b3359be/system/Database/BaseBuilder.php(1649): CodeIgniter\Database\BaseConnection->query()
#3 /home/midera/S4/Mr Rojo/FORMULAIRE LUNDI/codeigniter4-framework-b3359be/system/Model.php(295): CodeIgniter\Database\BaseBuilder->get()
#4 /home/midera/S4/Mr Rojo/FORMULAIRE LUNDI/codeigniter4-framework-b3359be/system/BaseModel.php(714): CodeIgniter\Model->doFirst()
#5 /home/midera/S4/Mr Rojo/FORMULAIRE LUNDI/codeigniter4-framework-b3359be/app/Controllers/RegisterController.php(31): CodeIgniter\BaseModel->first()
#6 /home/midera/S4/Mr Rojo/FORMULAIRE LUNDI/codeigniter4-framework-b3359be/system/CodeIgniter.php(951): App\Controllers\RegisterController->step1Save()
#7 /home/midera/S4/Mr Rojo/FORMULAIRE LUNDI/codeigniter4-framework-b3359be/system/CodeIgniter.php(497): CodeIgniter\CodeIgniter->runController()
#8 /home/midera/S4/Mr Rojo/FORMULAIRE LUNDI/codeigniter4-framework-b3359be/system/CodeIgniter.php(340): CodeIgniter\CodeIgniter->handleRequest()
#9 /home/midera/S4/Mr Rojo/FORMULAIRE LUNDI/codeigniter4-framework-b3359be/system/Boot.php(417): CodeIgniter\CodeIgniter->run()
#10 /home/midera/S4/Mr Rojo/FORMULAIRE LUNDI/codeigniter4-framework-b3359be/system/Boot.php(68): CodeIgniter\Boot::runCodeIgniter()
#11 /home/midera/S4/Mr Rojo/FORMULAIRE LUNDI/codeigniter4-framework-b3359be/public/index.php(59): CodeIgniter\Boot::bootWeb()
#12 {main}
CRITICAL - 2026-05-06 07:14:12 --> CodeIgniter\Database\Exceptions\DatabaseException: Unable to connect to the database.
Main connection [MySQLi]: No such file or directory
[Method: POST, Route: register-step1]
in SYSTEMPATH/Database/BaseConnection.php on line 606.
 1 SYSTEMPATH/Database/BaseConnection.php(795): CodeIgniter\Database\BaseConnection->initialize()
 2 SYSTEMPATH/Database/BaseBuilder.php(1649): CodeIgniter\Database\BaseConnection->query()
 3 SYSTEMPATH/Model.php(295): CodeIgniter\Database\BaseBuilder->get()
 4 SYSTEMPATH/BaseModel.php(714): CodeIgniter\Model->doFirst()
 5 APPPATH/Controllers/RegisterController.php(31): CodeIgniter\BaseModel->first()
 6 SYSTEMPATH/CodeIgniter.php(951): App\Controllers\RegisterController->step1Save()
 7 SYSTEMPATH/CodeIgniter.php(497): CodeIgniter\CodeIgniter->runController()
 8 SYSTEMPATH/CodeIgniter.php(340): CodeIgniter\CodeIgniter->handleRequest()
 9 SYSTEMPATH/Boot.php(417): CodeIgniter\CodeIgniter->run()
10 SYSTEMPATH/Boot.php(68): CodeIgniter\Boot::runCodeIgniter()
11 FCPATH/index.php(59): CodeIgniter\Boot::bootWeb()
ERROR - 2026-05-06 07:14:27 --> Error connecting to the database: mysqli_sql_exception: No such file or directory in /home/midera/S4/Mr Rojo/FORMULAIRE LUNDI/codeigniter4-framework-b3359be/system/Database/MySQLi/Connection.php:201
Stack trace:
#0 /home/midera/S4/Mr Rojo/FORMULAIRE LUNDI/codeigniter4-framework-b3359be/system/Database/MySQLi/Connection.php(201): mysqli->real_connect()
#1 /home/midera/S4/Mr Rojo/FORMULAIRE LUNDI/codeigniter4-framework-b3359be/system/Database/BaseConnection.php(555): CodeIgniter\Database\MySQLi\Connection->connect()
#2 /home/midera/S4/Mr Rojo/FORMULAIRE LUNDI/codeigniter4-framework-b3359be/system/Database/BaseConnection.php(795): CodeIgniter\Database\BaseConnection->initialize()
#3 /home/midera/S4/Mr Rojo/FORMULAIRE LUNDI/codeigniter4-framework-b3359be/system/Database/BaseBuilder.php(1649): CodeIgniter\Database\BaseConnection->query()
#4 /home/midera/S4/Mr Rojo/FORMULAIRE LUNDI/codeigniter4-framework-b3359be/system/Model.php(295): CodeIgniter\Database\BaseBuilder->get()
#5 /home/midera/S4/Mr Rojo/FORMULAIRE LUNDI/codeigniter4-framework-b3359be/system/BaseModel.php(714): CodeIgniter\Model->doFirst()
#6 /home/midera/S4/Mr Rojo/FORMULAIRE LUNDI/codeigniter4-framework-b3359be/app/Controllers/AuthController.php(27): CodeIgniter\BaseModel->first()
#7 /home/midera/S4/Mr Rojo/FORMULAIRE LUNDI/codeigniter4-framework-b3359be/system/CodeIgniter.php(951): App\Controllers\AuthController->attempt()
#8 /home/midera/S4/Mr Rojo/FORMULAIRE LUNDI/codeigniter4-framework-b3359be/system/CodeIgniter.php(497): CodeIgniter\CodeIgniter->runController()
#9 /home/midera/S4/Mr Rojo/FORMULAIRE LUNDI/codeigniter4-framework-b3359be/system/CodeIgniter.php(340): CodeIgniter\CodeIgniter->handleRequest()
#10 /home/midera/S4/Mr Rojo/FORMULAIRE LUNDI/codeigniter4-framework-b3359be/system/Boot.php(417): CodeIgniter\CodeIgniter->run()
#11 /home/midera/S4/Mr Rojo/FORMULAIRE LUNDI/codeigniter4-framework-b3359be/system/Boot.php(68): CodeIgniter\Boot::runCodeIgniter()
#12 /home/midera/S4/Mr Rojo/FORMULAIRE LUNDI/codeigniter4-framework-b3359be/public/index.php(59): CodeIgniter\Boot::bootWeb()
#13 {main}

Next CodeIgniter\Database\Exceptions\DatabaseException: No such file or directory in /home/midera/S4/Mr Rojo/FORMULAIRE LUNDI/codeigniter4-framework-b3359be/system/Database/MySQLi/Connection.php:231
Stack trace:
#0 /home/midera/S4/Mr Rojo/FORMULAIRE LUNDI/codeigniter4-framework-b3359be/system/Database/BaseConnection.php(555): CodeIgniter\Database\MySQLi\Connection->connect()
#1 /home/midera/S4/Mr Rojo/FORMULAIRE LUNDI/codeigniter4-framework-b3359be/system/Database/BaseConnection.php(795): CodeIgniter\Database\BaseConnection->initialize()
#2 /home/midera/S4/Mr Rojo/FORMULAIRE LUNDI/codeigniter4-framework-b3359be/system/Database/BaseBuilder.php(1649): CodeIgniter\Database\BaseConnection->query()
#3 /home/midera/S4/Mr Rojo/FORMULAIRE LUNDI/codeigniter4-framework-b3359be/system/Model.php(295): CodeIgniter\Database\BaseBuilder->get()
#4 /home/midera/S4/Mr Rojo/FORMULAIRE LUNDI/codeigniter4-framework-b3359be/system/BaseModel.php(714): CodeIgniter\Model->doFirst()
#5 /home/midera/S4/Mr Rojo/FORMULAIRE LUNDI/codeigniter4-framework-b3359be/app/Controllers/AuthController.php(27): CodeIgniter\BaseModel->first()
#6 /home/midera/S4/Mr Rojo/FORMULAIRE LUNDI/codeigniter4-framework-b3359be/system/CodeIgniter.php(951): App\Controllers\AuthController->attempt()
#7 /home/midera/S4/Mr Rojo/FORMULAIRE LUNDI/codeigniter4-framework-b3359be/system/CodeIgniter.php(497): CodeIgniter\CodeIgniter->runController()
#8 /home/midera/S4/Mr Rojo/FORMULAIRE LUNDI/codeigniter4-framework-b3359be/system/CodeIgniter.php(340): CodeIgniter\CodeIgniter->handleRequest()
#9 /home/midera/S4/Mr Rojo/FORMULAIRE LUNDI/codeigniter4-framework-b3359be/system/Boot.php(417): CodeIgniter\CodeIgniter->run()
#10 /home/midera/S4/Mr Rojo/FORMULAIRE LUNDI/codeigniter4-framework-b3359be/system/Boot.php(68): CodeIgniter\Boot::runCodeIgniter()
#11 /home/midera/S4/Mr Rojo/FORMULAIRE LUNDI/codeigniter4-framework-b3359be/public/index.php(59): CodeIgniter\Boot::bootWeb()
#12 {main}
CRITICAL - 2026-05-06 07:14:27 --> CodeIgniter\Database\Exceptions\DatabaseException: Unable to connect to the database.
Main connection [MySQLi]: No such file or directory
[Method: POST, Route: login]
in SYSTEMPATH/Database/BaseConnection.php on line 606.
 1 SYSTEMPATH/Database/BaseConnection.php(795): CodeIgniter\Database\BaseConnection->initialize()
 2 SYSTEMPATH/Database/BaseBuilder.php(1649): CodeIgniter\Database\BaseConnection->query()
 3 SYSTEMPATH/Model.php(295): CodeIgniter\Database\BaseBuilder->get()
 4 SYSTEMPATH/BaseModel.php(714): CodeIgniter\Model->doFirst()
 5 APPPATH/Controllers/AuthController.php(27): CodeIgniter\BaseModel->first()
 6 SYSTEMPATH/CodeIgniter.php(951): App\Controllers\AuthController->attempt()
 7 SYSTEMPATH/CodeIgniter.php(497): CodeIgniter\CodeIgniter->runController()
 8 SYSTEMPATH/CodeIgniter.php(340): CodeIgniter\CodeIgniter->handleRequest()
 9 SYSTEMPATH/Boot.php(417): CodeIgniter\CodeIgniter->run()
10 SYSTEMPATH/Boot.php(68): CodeIgniter\Boot::runCodeIgniter()
11 FCPATH/index.php(59): CodeIgniter\Boot::bootWeb()
ERROR - 2026-05-06 07:14:47 --> Error connecting to the database: mysqli_sql_exception: No such file or directory in /home/midera/S4/Mr Rojo/FORMULAIRE LUNDI/codeigniter4-framework-b3359be/system/Database/MySQLi/Connection.php:201
Stack trace:
#0 /home/midera/S4/Mr Rojo/FORMULAIRE LUNDI/codeigniter4-framework-b3359be/system/Database/MySQLi/Connection.php(201): mysqli->real_connect()
#1 /home/midera/S4/Mr Rojo/FORMULAIRE LUNDI/codeigniter4-framework-b3359be/system/Database/BaseConnection.php(555): CodeIgniter\Database\MySQLi\Connection->connect()
#2 /home/midera/S4/Mr Rojo/FORMULAIRE LUNDI/codeigniter4-framework-b3359be/system/Database/BaseConnection.php(795): CodeIgniter\Database\BaseConnection->initialize()
#3 /home/midera/S4/Mr Rojo/FORMULAIRE LUNDI/codeigniter4-framework-b3359be/system/Database/BaseBuilder.php(1649): CodeIgniter\Database\BaseConnection->query()
#4 /home/midera/S4/Mr Rojo/FORMULAIRE LUNDI/codeigniter4-framework-b3359be/system/Model.php(295): CodeIgniter\Database\BaseBuilder->get()
#5 /home/midera/S4/Mr Rojo/FORMULAIRE LUNDI/codeigniter4-framework-b3359be/system/BaseModel.php(714): CodeIgniter\Model->doFirst()
#6 /home/midera/S4/Mr Rojo/FORMULAIRE LUNDI/codeigniter4-framework-b3359be/app/Controllers/RegisterController.php(31): CodeIgniter\BaseModel->first()
#7 /home/midera/S4/Mr Rojo/FORMULAIRE LUNDI/codeigniter4-framework-b3359be/system/CodeIgniter.php(951): App\Controllers\RegisterController->step1Save()
#8 /home/midera/S4/Mr Rojo/FORMULAIRE LUNDI/codeigniter4-framework-b3359be/system/CodeIgniter.php(497): CodeIgniter\CodeIgniter->runController()
#9 /home/midera/S4/Mr Rojo/FORMULAIRE LUNDI/codeigniter4-framework-b3359be/system/CodeIgniter.php(340): CodeIgniter\CodeIgniter->handleRequest()
#10 /home/midera/S4/Mr Rojo/FORMULAIRE LUNDI/codeigniter4-framework-b3359be/system/Boot.php(417): CodeIgniter\CodeIgniter->run()
#11 /home/midera/S4/Mr Rojo/FORMULAIRE LUNDI/codeigniter4-framework-b3359be/system/Boot.php(68): CodeIgniter\Boot::runCodeIgniter()
#12 /home/midera/S4/Mr Rojo/FORMULAIRE LUNDI/codeigniter4-framework-b3359be/public/index.php(59): CodeIgniter\Boot::bootWeb()
#13 {main}

Next CodeIgniter\Database\Exceptions\DatabaseException: No such file or directory in /home/midera/S4/Mr Rojo/FORMULAIRE LUNDI/codeigniter4-framework-b3359be/system/Database/MySQLi/Connection.php:231
Stack trace:
#0 /home/midera/S4/Mr Rojo/FORMULAIRE LUNDI/codeigniter4-framework-b3359be/system/Database/BaseConnection.php(555): CodeIgniter\Database\MySQLi\Connection->connect()
#1 /home/midera/S4/Mr Rojo/FORMULAIRE LUNDI/codeigniter4-framework-b3359be/system/Database/BaseConnection.php(795): CodeIgniter\Database\BaseConnection->initialize()
#2 /home/midera/S4/Mr Rojo/FORMULAIRE LUNDI/codeigniter4-framework-b3359be/system/Database/BaseBuilder.php(1649): CodeIgniter\Database\BaseConnection->query()
#3 /home/midera/S4/Mr Rojo/FORMULAIRE LUNDI/codeigniter4-framework-b3359be/system/Model.php(295): CodeIgniter\Database\BaseBuilder->get()
#4 /home/midera/S4/Mr Rojo/FORMULAIRE LUNDI/codeigniter4-framework-b3359be/system/BaseModel.php(714): CodeIgniter\Model->doFirst()
#5 /home/midera/S4/Mr Rojo/FORMULAIRE LUNDI/codeigniter4-framework-b3359be/app/Controllers/RegisterController.php(31): CodeIgniter\BaseModel->first()
#6 /home/midera/S4/Mr Rojo/FORMULAIRE LUNDI/codeigniter4-framework-b3359be/system/CodeIgniter.php(951): App\Controllers\RegisterController->step1Save()
#7 /home/midera/S4/Mr Rojo/FORMULAIRE LUNDI/codeigniter4-framework-b3359be/system/CodeIgniter.php(497): CodeIgniter\CodeIgniter->runController()
#8 /home/midera/S4/Mr Rojo/FORMULAIRE LUNDI/codeigniter4-framework-b3359be/system/CodeIgniter.php(340): CodeIgniter\CodeIgniter->handleRequest()
#9 /home/midera/S4/Mr Rojo/FORMULAIRE LUNDI/codeigniter4-framework-b3359be/system/Boot.php(417): CodeIgniter\CodeIgniter->run()
#10 /home/midera/S4/Mr Rojo/FORMULAIRE LUNDI/codeigniter4-framework-b3359be/system/Boot.php(68): CodeIgniter\Boot::runCodeIgniter()
#11 /home/midera/S4/Mr Rojo/FORMULAIRE LUNDI/codeigniter4-framework-b3359be/public/index.php(59): CodeIgniter\Boot::bootWeb()
#12 {main}
CRITICAL - 2026-05-06 07:14:47 --> CodeIgniter\Database\Exceptions\DatabaseException: Unable to connect to the database.
Main connection [MySQLi]: No such file or directory
[Method: POST, Route: register-step1]
in SYSTEMPATH/Database/BaseConnection.php on line 606.
 1 SYSTEMPATH/Database/BaseConnection.php(795): CodeIgniter\Database\BaseConnection->initialize()
 2 SYSTEMPATH/Database/BaseBuilder.php(1649): CodeIgniter\Database\BaseConnection->query()
 3 SYSTEMPATH/Model.php(295): CodeIgniter\Database\BaseBuilder->get()
 4 SYSTEMPATH/BaseModel.php(714): CodeIgniter\Model->doFirst()
 5 APPPATH/Controllers/RegisterController.php(31): CodeIgniter\BaseModel->first()
 6 SYSTEMPATH/CodeIgniter.php(951): App\Controllers\RegisterController->step1Save()
 7 SYSTEMPATH/CodeIgniter.php(497): CodeIgniter\CodeIgniter->runController()
 8 SYSTEMPATH/CodeIgniter.php(340): CodeIgniter\CodeIgniter->handleRequest()
 9 SYSTEMPATH/Boot.php(417): CodeIgniter\CodeIgniter->run()
10 SYSTEMPATH/Boot.php(68): CodeIgniter\Boot::runCodeIgniter()
11 FCPATH/index.php(59): CodeIgniter\Boot::bootWeb()
ERROR - 2026-05-06 07:20:07 --> Error connecting to the database: mysqli_sql_exception: No such file or directory in /home/midera/S4/Mr Rojo/FORMULAIRE LUNDI/codeigniter4-framework-b3359be/system/Database/MySQLi/Connection.php:201
Stack trace:
#0 /home/midera/S4/Mr Rojo/FORMULAIRE LUNDI/codeigniter4-framework-b3359be/system/Database/MySQLi/Connection.php(201): mysqli->real_connect()
#1 /home/midera/S4/Mr Rojo/FORMULAIRE LUNDI/codeigniter4-framework-b3359be/system/Database/BaseConnection.php(555): CodeIgniter\Database\MySQLi\Connection->connect()
#2 /home/midera/S4/Mr Rojo/FORMULAIRE LUNDI/codeigniter4-framework-b3359be/system/Database/BaseConnection.php(795): CodeIgniter\Database\BaseConnection->initialize()
#3 /home/midera/S4/Mr Rojo/FORMULAIRE LUNDI/codeigniter4-framework-b3359be/system/Database/BaseBuilder.php(1649): CodeIgniter\Database\BaseConnection->query()
#4 /home/midera/S4/Mr Rojo/FORMULAIRE LUNDI/codeigniter4-framework-b3359be/system/Model.php(295): CodeIgniter\Database\BaseBuilder->get()
#5 /home/midera/S4/Mr Rojo/FORMULAIRE LUNDI/codeigniter4-framework-b3359be/system/BaseModel.php(714): CodeIgniter\Model->doFirst()
#6 /home/midera/S4/Mr Rojo/FORMULAIRE LUNDI/codeigniter4-framework-b3359be/app/Controllers/RegisterController.php(31): CodeIgniter\BaseModel->first()
#7 /home/midera/S4/Mr Rojo/FORMULAIRE LUNDI/codeigniter4-framework-b3359be/system/CodeIgniter.php(951): App\Controllers\RegisterController->step1Save()
#8 /home/midera/S4/Mr Rojo/FORMULAIRE LUNDI/codeigniter4-framework-b3359be/system/CodeIgniter.php(497): CodeIgniter\CodeIgniter->runController()
#9 /home/midera/S4/Mr Rojo/FORMULAIRE LUNDI/codeigniter4-framework-b3359be/system/CodeIgniter.php(340): CodeIgniter\CodeIgniter->handleRequest()
#10 /home/midera/S4/Mr Rojo/FORMULAIRE LUNDI/codeigniter4-framework-b3359be/system/Boot.php(417): CodeIgniter\CodeIgniter->run()
#11 /home/midera/S4/Mr Rojo/FORMULAIRE LUNDI/codeigniter4-framework-b3359be/system/Boot.php(68): CodeIgniter\Boot::runCodeIgniter()
#12 /home/midera/S4/Mr Rojo/FORMULAIRE LUNDI/codeigniter4-framework-b3359be/public/index.php(59): CodeIgniter\Boot::bootWeb()
#13 {main}

Next CodeIgniter\Database\Exceptions\DatabaseException: No such file or directory in /home/midera/S4/Mr Rojo/FORMULAIRE LUNDI/codeigniter4-framework-b3359be/system/Database/MySQLi/Connection.php:231
Stack trace:
#0 /home/midera/S4/Mr Rojo/FORMULAIRE LUNDI/codeigniter4-framework-b3359be/system/Database/BaseConnection.php(555): CodeIgniter\Database\MySQLi\Connection->connect()
#1 /home/midera/S4/Mr Rojo/FORMULAIRE LUNDI/codeigniter4-framework-b3359be/system/Database/BaseConnection.php(795): CodeIgniter\Database\BaseConnection->initialize()
#2 /home/midera/S4/Mr Rojo/FORMULAIRE LUNDI/codeigniter4-framework-b3359be/system/Database/BaseBuilder.php(1649): CodeIgniter\Database\BaseConnection->query()
#3 /home/midera/S4/Mr Rojo/FORMULAIRE LUNDI/codeigniter4-framework-b3359be/system/Model.php(295): CodeIgniter\Database\BaseBuilder->get()
#4 /home/midera/S4/Mr Rojo/FORMULAIRE LUNDI/codeigniter4-framework-b3359be/system/BaseModel.php(714): CodeIgniter\Model->doFirst()
#5 /home/midera/S4/Mr Rojo/FORMULAIRE LUNDI/codeigniter4-framework-b3359be/app/Controllers/RegisterController.php(31): CodeIgniter\BaseModel->first()
#6 /home/midera/S4/Mr Rojo/FORMULAIRE LUNDI/codeigniter4-framework-b3359be/system/CodeIgniter.php(951): App\Controllers\RegisterController->step1Save()
#7 /home/midera/S4/Mr Rojo/FORMULAIRE LUNDI/codeigniter4-framework-b3359be/system/CodeIgniter.php(497): CodeIgniter\CodeIgniter->runController()
#8 /home/midera/S4/Mr Rojo/FORMULAIRE LUNDI/codeigniter4-framework-b3359be/system/CodeIgniter.php(340): CodeIgniter\CodeIgniter->handleRequest()
#9 /home/midera/S4/Mr Rojo/FORMULAIRE LUNDI/codeigniter4-framework-b3359be/system/Boot.php(417): CodeIgniter\CodeIgniter->run()
#10 /home/midera/S4/Mr Rojo/FORMULAIRE LUNDI/codeigniter4-framework-b3359be/system/Boot.php(68): CodeIgniter\Boot::runCodeIgniter()
#11 /home/midera/S4/Mr Rojo/FORMULAIRE LUNDI/codeigniter4-framework-b3359be/public/index.php(59): CodeIgniter\Boot::bootWeb()
#12 {main}
CRITICAL - 2026-05-06 07:20:07 --> CodeIgniter\Database\Exceptions\DatabaseException: Unable to connect to the database.
Main connection [MySQLi]: No such file or directory
[Method: POST, Route: register-step1]
in SYSTEMPATH/Database/BaseConnection.php on line 606.
 1 SYSTEMPATH/Database/BaseConnection.php(795): CodeIgniter\Database\BaseConnection->initialize()
 2 SYSTEMPATH/Database/BaseBuilder.php(1649): CodeIgniter\Database\BaseConnection->query()
 3 SYSTEMPATH/Model.php(295): CodeIgniter\Database\BaseBuilder->get()
 4 SYSTEMPATH/BaseModel.php(714): CodeIgniter\Model->doFirst()
 5 APPPATH/Controllers/RegisterController.php(31): CodeIgniter\BaseModel->first()
 6 SYSTEMPATH/CodeIgniter.php(951): App\Controllers\RegisterController->step1Save()
 7 SYSTEMPATH/CodeIgniter.php(497): CodeIgniter\CodeIgniter->runController()
 8 SYSTEMPATH/CodeIgniter.php(340): CodeIgniter\CodeIgniter->handleRequest()
 9 SYSTEMPATH/Boot.php(417): CodeIgniter\CodeIgniter->run()
10 SYSTEMPATH/Boot.php(68): CodeIgniter\Boot::runCodeIgniter()
11 FCPATH/index.php(59): CodeIgniter\Boot::bootWeb()
ERROR - 2026-05-06 07:20:19 --> Error connecting to the database: mysqli_sql_exception: No such file or directory in /home/midera/S4/Mr Rojo/FORMULAIRE LUNDI/codeigniter4-framework-b3359be/system/Database/MySQLi/Connection.php:201
Stack trace:
#0 /home/midera/S4/Mr Rojo/FORMULAIRE LUNDI/codeigniter4-framework-b3359be/system/Database/MySQLi/Connection.php(201): mysqli->real_connect()
#1 /home/midera/S4/Mr Rojo/FORMULAIRE LUNDI/codeigniter4-framework-b3359be/system/Database/BaseConnection.php(555): CodeIgniter\Database\MySQLi\Connection->connect()
#2 /home/midera/S4/Mr Rojo/FORMULAIRE LUNDI/codeigniter4-framework-b3359be/system/Database/BaseConnection.php(795): CodeIgniter\Database\BaseConnection->initialize()
#3 /home/midera/S4/Mr Rojo/FORMULAIRE LUNDI/codeigniter4-framework-b3359be/system/Database/BaseBuilder.php(1649): CodeIgniter\Database\BaseConnection->query()
#4 /home/midera/S4/Mr Rojo/FORMULAIRE LUNDI/codeigniter4-framework-b3359be/system/Model.php(295): CodeIgniter\Database\BaseBuilder->get()
#5 /home/midera/S4/Mr Rojo/FORMULAIRE LUNDI/codeigniter4-framework-b3359be/system/BaseModel.php(714): CodeIgniter\Model->doFirst()
#6 /home/midera/S4/Mr Rojo/FORMULAIRE LUNDI/codeigniter4-framework-b3359be/app/Controllers/AuthController.php(27): CodeIgniter\BaseModel->first()
#7 /home/midera/S4/Mr Rojo/FORMULAIRE LUNDI/codeigniter4-framework-b3359be/system/CodeIgniter.php(951): App\Controllers\AuthController->attempt()
#8 /home/midera/S4/Mr Rojo/FORMULAIRE LUNDI/codeigniter4-framework-b3359be/system/CodeIgniter.php(497): CodeIgniter\CodeIgniter->runController()
#9 /home/midera/S4/Mr Rojo/FORMULAIRE LUNDI/codeigniter4-framework-b3359be/system/CodeIgniter.php(340): CodeIgniter\CodeIgniter->handleRequest()
#10 /home/midera/S4/Mr Rojo/FORMULAIRE LUNDI/codeigniter4-framework-b3359be/system/Boot.php(417): CodeIgniter\CodeIgniter->run()
#11 /home/midera/S4/Mr Rojo/FORMULAIRE LUNDI/codeigniter4-framework-b3359be/system/Boot.php(68): CodeIgniter\Boot::runCodeIgniter()
#12 /home/midera/S4/Mr Rojo/FORMULAIRE LUNDI/codeigniter4-framework-b3359be/public/index.php(59): CodeIgniter\Boot::bootWeb()
#13 {main}

Next CodeIgniter\Database\Exceptions\DatabaseException: No such file or directory in /home/midera/S4/Mr Rojo/FORMULAIRE LUNDI/codeigniter4-framework-b3359be/system/Database/MySQLi/Connection.php:231
Stack trace:
#0 /home/midera/S4/Mr Rojo/FORMULAIRE LUNDI/codeigniter4-framework-b3359be/system/Database/BaseConnection.php(555): CodeIgniter\Database\MySQLi\Connection->connect()
#1 /home/midera/S4/Mr Rojo/FORMULAIRE LUNDI/codeigniter4-framework-b3359be/system/Database/BaseConnection.php(795): CodeIgniter\Database\BaseConnection->initialize()
#2 /home/midera/S4/Mr Rojo/FORMULAIRE LUNDI/codeigniter4-framework-b3359be/system/Database/BaseBuilder.php(1649): CodeIgniter\Database\BaseConnection->query()
#3 /home/midera/S4/Mr Rojo/FORMULAIRE LUNDI/codeigniter4-framework-b3359be/system/Model.php(295): CodeIgniter\Database\BaseBuilder->get()
#4 /home/midera/S4/Mr Rojo/FORMULAIRE LUNDI/codeigniter4-framework-b3359be/system/BaseModel.php(714): CodeIgniter\Model->doFirst()
#5 /home/midera/S4/Mr Rojo/FORMULAIRE LUNDI/codeigniter4-framework-b3359be/app/Controllers/AuthController.php(27): CodeIgniter\BaseModel->first()
#6 /home/midera/S4/Mr Rojo/FORMULAIRE LUNDI/codeigniter4-framework-b3359be/system/CodeIgniter.php(951): App\Controllers\AuthController->attempt()
#7 /home/midera/S4/Mr Rojo/FORMULAIRE LUNDI/codeigniter4-framework-b3359be/system/CodeIgniter.php(497): CodeIgniter\CodeIgniter->runController()
#8 /home/midera/S4/Mr Rojo/FORMULAIRE LUNDI/codeigniter4-framework-b3359be/system/CodeIgniter.php(340): CodeIgniter\CodeIgniter->handleRequest()
#9 /home/midera/S4/Mr Rojo/FORMULAIRE LUNDI/codeigniter4-framework-b3359be/system/Boot.php(417): CodeIgniter\CodeIgniter->run()
#10 /home/midera/S4/Mr Rojo/FORMULAIRE LUNDI/codeigniter4-framework-b3359be/system/Boot.php(68): CodeIgniter\Boot::runCodeIgniter()
#11 /home/midera/S4/Mr Rojo/FORMULAIRE LUNDI/codeigniter4-framework-b3359be/public/index.php(59): CodeIgniter\Boot::bootWeb()
#12 {main}
CRITICAL - 2026-05-06 07:20:19 --> CodeIgniter\Database\Exceptions\DatabaseException: Unable to connect to the database.
Main connection [MySQLi]: No such file or directory
[Method: POST, Route: login]
in SYSTEMPATH/Database/BaseConnection.php on line 606.
 1 SYSTEMPATH/Database/BaseConnection.php(795): CodeIgniter\Database\BaseConnection->initialize()
 2 SYSTEMPATH/Database/BaseBuilder.php(1649): CodeIgniter\Database\BaseConnection->query()
 3 SYSTEMPATH/Model.php(295): CodeIgniter\Database\BaseBuilder->get()
 4 SYSTEMPATH/BaseModel.php(714): CodeIgniter\Model->doFirst()
 5 APPPATH/Controllers/AuthController.php(27): CodeIgniter\BaseModel->first()
 6 SYSTEMPATH/CodeIgniter.php(951): App\Controllers\AuthController->attempt()
 7 SYSTEMPATH/CodeIgniter.php(497): CodeIgniter\CodeIgniter->runController()
 8 SYSTEMPATH/CodeIgniter.php(340): CodeIgniter\CodeIgniter->handleRequest()
 9 SYSTEMPATH/Boot.php(417): CodeIgniter\CodeIgniter->run()
10 SYSTEMPATH/Boot.php(68): CodeIgniter\Boot::runCodeIgniter()
11 FCPATH/index.php(59): CodeIgniter\Boot::bootWeb()
ERROR - 2026-05-06 07:21:01 --> Error connecting to the database: mysqli_sql_exception: No such file or directory in /home/midera/S4/Mr Rojo/FORMULAIRE LUNDI/codeigniter4-framework-b3359be/system/Database/MySQLi/Connection.php:201
Stack trace:
#0 /home/midera/S4/Mr Rojo/FORMULAIRE LUNDI/codeigniter4-framework-b3359be/system/Database/MySQLi/Connection.php(201): mysqli->real_connect()
#1 /home/midera/S4/Mr Rojo/FORMULAIRE LUNDI/codeigniter4-framework-b3359be/system/Database/BaseConnection.php(555): CodeIgniter\Database\MySQLi\Connection->connect()
#2 /home/midera/S4/Mr Rojo/FORMULAIRE LUNDI/codeigniter4-framework-b3359be/system/Database/BaseConnection.php(795): CodeIgniter\Database\BaseConnection->initialize()
#3 /home/midera/S4/Mr Rojo/FORMULAIRE LUNDI/codeigniter4-framework-b3359be/system/Database/BaseBuilder.php(1649): CodeIgniter\Database\BaseConnection->query()
#4 /home/midera/S4/Mr Rojo/FORMULAIRE LUNDI/codeigniter4-framework-b3359be/system/Model.php(295): CodeIgniter\Database\BaseBuilder->get()
#5 /home/midera/S4/Mr Rojo/FORMULAIRE LUNDI/codeigniter4-framework-b3359be/system/BaseModel.php(714): CodeIgniter\Model->doFirst()
#6 /home/midera/S4/Mr Rojo/FORMULAIRE LUNDI/codeigniter4-framework-b3359be/app/Controllers/RegisterController.php(31): CodeIgniter\BaseModel->first()
#7 /home/midera/S4/Mr Rojo/FORMULAIRE LUNDI/codeigniter4-framework-b3359be/system/CodeIgniter.php(951): App\Controllers\RegisterController->step1Save()
#8 /home/midera/S4/Mr Rojo/FORMULAIRE LUNDI/codeigniter4-framework-b3359be/system/CodeIgniter.php(497): CodeIgniter\CodeIgniter->runController()
#9 /home/midera/S4/Mr Rojo/FORMULAIRE LUNDI/codeigniter4-framework-b3359be/system/CodeIgniter.php(340): CodeIgniter\CodeIgniter->handleRequest()
#10 /home/midera/S4/Mr Rojo/FORMULAIRE LUNDI/codeigniter4-framework-b3359be/system/Boot.php(417): CodeIgniter\CodeIgniter->run()
#11 /home/midera/S4/Mr Rojo/FORMULAIRE LUNDI/codeigniter4-framework-b3359be/system/Boot.php(68): CodeIgniter\Boot::runCodeIgniter()
#12 /home/midera/S4/Mr Rojo/FORMULAIRE LUNDI/codeigniter4-framework-b3359be/public/index.php(59): CodeIgniter\Boot::bootWeb()
#13 {main}

Next CodeIgniter\Database\Exceptions\DatabaseException: No such file or directory in /home/midera/S4/Mr Rojo/FORMULAIRE LUNDI/codeigniter4-framework-b3359be/system/Database/MySQLi/Connection.php:231
Stack trace:
#0 /home/midera/S4/Mr Rojo/FORMULAIRE LUNDI/codeigniter4-framework-b3359be/system/Database/BaseConnection.php(555): CodeIgniter\Database\MySQLi\Connection->connect()
#1 /home/midera/S4/Mr Rojo/FORMULAIRE LUNDI/codeigniter4-framework-b3359be/system/Database/BaseConnection.php(795): CodeIgniter\Database\BaseConnection->initialize()
#2 /home/midera/S4/Mr Rojo/FORMULAIRE LUNDI/codeigniter4-framework-b3359be/system/Database/BaseBuilder.php(1649): CodeIgniter\Database\BaseConnection->query()
#3 /home/midera/S4/Mr Rojo/FORMULAIRE LUNDI/codeigniter4-framework-b3359be/system/Model.php(295): CodeIgniter\Database\BaseBuilder->get()
#4 /home/midera/S4/Mr Rojo/FORMULAIRE LUNDI/codeigniter4-framework-b3359be/system/BaseModel.php(714): CodeIgniter\Model->doFirst()
#5 /home/midera/S4/Mr Rojo/FORMULAIRE LUNDI/codeigniter4-framework-b3359be/app/Controllers/RegisterController.php(31): CodeIgniter\BaseModel->first()
#6 /home/midera/S4/Mr Rojo/FORMULAIRE LUNDI/codeigniter4-framework-b3359be/system/CodeIgniter.php(951): App\Controllers\RegisterController->step1Save()
#7 /home/midera/S4/Mr Rojo/FORMULAIRE LUNDI/codeigniter4-framework-b3359be/system/CodeIgniter.php(497): CodeIgniter\CodeIgniter->runController()
#8 /home/midera/S4/Mr Rojo/FORMULAIRE LUNDI/codeigniter4-framework-b3359be/system/CodeIgniter.php(340): CodeIgniter\CodeIgniter->handleRequest()
#9 /home/midera/S4/Mr Rojo/FORMULAIRE LUNDI/codeigniter4-framework-b3359be/system/Boot.php(417): CodeIgniter\CodeIgniter->run()
#10 /home/midera/S4/Mr Rojo/FORMULAIRE LUNDI/codeigniter4-framework-b3359be/system/Boot.php(68): CodeIgniter\Boot::runCodeIgniter()
#11 /home/midera/S4/Mr Rojo/FORMULAIRE LUNDI/codeigniter4-framework-b3359be/public/index.php(59): CodeIgniter\Boot::bootWeb()
#12 {main}
CRITICAL - 2026-05-06 07:21:01 --> CodeIgniter\Database\Exceptions\DatabaseException: Unable to connect to the database.
Main connection [MySQLi]: No such file or directory
[Method: POST, Route: register-step1]
in SYSTEMPATH/Database/BaseConnection.php on line 606.
 1 SYSTEMPATH/Database/BaseConnection.php(795): CodeIgniter\Database\BaseConnection->initialize()
 2 SYSTEMPATH/Database/BaseBuilder.php(1649): CodeIgniter\Database\BaseConnection->query()
 3 SYSTEMPATH/Model.php(295): CodeIgniter\Database\BaseBuilder->get()
 4 SYSTEMPATH/BaseModel.php(714): CodeIgniter\Model->doFirst()
 5 APPPATH/Controllers/RegisterController.php(31): CodeIgniter\BaseModel->first()
 6 SYSTEMPATH/CodeIgniter.php(951): App\Controllers\RegisterController->step1Save()
 7 SYSTEMPATH/CodeIgniter.php(497): CodeIgniter\CodeIgniter->runController()
 8 SYSTEMPATH/CodeIgniter.php(340): CodeIgniter\CodeIgniter->handleRequest()
 9 SYSTEMPATH/Boot.php(417): CodeIgniter\CodeIgniter->run()
10 SYSTEMPATH/Boot.php(68): CodeIgniter\Boot::runCodeIgniter()
11 FCPATH/index.php(59): CodeIgniter\Boot::bootWeb()
ERROR - 2026-05-06 07:21:19 --> Error connecting to the database: mysqli_sql_exception: No such file or directory in /home/midera/S4/Mr Rojo/FORMULAIRE LUNDI/codeigniter4-framework-b3359be/system/Database/MySQLi/Connection.php:201
Stack trace:
#0 /home/midera/S4/Mr Rojo/FORMULAIRE LUNDI/codeigniter4-framework-b3359be/system/Database/MySQLi/Connection.php(201): mysqli->real_connect()
#1 /home/midera/S4/Mr Rojo/FORMULAIRE LUNDI/codeigniter4-framework-b3359be/system/Database/BaseConnection.php(555): CodeIgniter\Database\MySQLi\Connection->connect()
#2 /home/midera/S4/Mr Rojo/FORMULAIRE LUNDI/codeigniter4-framework-b3359be/system/Database/BaseConnection.php(795): CodeIgniter\Database\BaseConnection->initialize()
#3 /home/midera/S4/Mr Rojo/FORMULAIRE LUNDI/codeigniter4-framework-b3359be/system/Database/BaseBuilder.php(1649): CodeIgniter\Database\BaseConnection->query()
#4 /home/midera/S4/Mr Rojo/FORMULAIRE LUNDI/codeigniter4-framework-b3359be/system/Model.php(295): CodeIgniter\Database\BaseBuilder->get()
#5 /home/midera/S4/Mr Rojo/FORMULAIRE LUNDI/codeigniter4-framework-b3359be/system/BaseModel.php(714): CodeIgniter\Model->doFirst()
#6 /home/midera/S4/Mr Rojo/FORMULAIRE LUNDI/codeigniter4-framework-b3359be/app/Controllers/AuthController.php(27): CodeIgniter\BaseModel->first()
#7 /home/midera/S4/Mr Rojo/FORMULAIRE LUNDI/codeigniter4-framework-b3359be/system/CodeIgniter.php(951): App\Controllers\AuthController->attempt()
#8 /home/midera/S4/Mr Rojo/FORMULAIRE LUNDI/codeigniter4-framework-b3359be/system/CodeIgniter.php(497): CodeIgniter\CodeIgniter->runController()
#9 /home/midera/S4/Mr Rojo/FORMULAIRE LUNDI/codeigniter4-framework-b3359be/system/CodeIgniter.php(340): CodeIgniter\CodeIgniter->handleRequest()
#10 /home/midera/S4/Mr Rojo/FORMULAIRE LUNDI/codeigniter4-framework-b3359be/system/Boot.php(417): CodeIgniter\CodeIgniter->run()
#11 /home/midera/S4/Mr Rojo/FORMULAIRE LUNDI/codeigniter4-framework-b3359be/system/Boot.php(68): CodeIgniter\Boot::runCodeIgniter()
#12 /home/midera/S4/Mr Rojo/FORMULAIRE LUNDI/codeigniter4-framework-b3359be/public/index.php(59): CodeIgniter\Boot::bootWeb()
#13 {main}

Next CodeIgniter\Database\Exceptions\DatabaseException: No such file or directory in /home/midera/S4/Mr Rojo/FORMULAIRE LUNDI/codeigniter4-framework-b3359be/system/Database/MySQLi/Connection.php:231
Stack trace:
#0 /home/midera/S4/Mr Rojo/FORMULAIRE LUNDI/codeigniter4-framework-b3359be/system/Database/BaseConnection.php(555): CodeIgniter\Database\MySQLi\Connection->connect()
#1 /home/midera/S4/Mr Rojo/FORMULAIRE LUNDI/codeigniter4-framework-b3359be/system/Database/BaseConnection.php(795): CodeIgniter\Database\BaseConnection->initialize()
#2 /home/midera/S4/Mr Rojo/FORMULAIRE LUNDI/codeigniter4-framework-b3359be/system/Database/BaseBuilder.php(1649): CodeIgniter\Database\BaseConnection->query()
#3 /home/midera/S4/Mr Rojo/FORMULAIRE LUNDI/codeigniter4-framework-b3359be/system/Model.php(295): CodeIgniter\Database\BaseBuilder->get()
#4 /home/midera/S4/Mr Rojo/FORMULAIRE LUNDI/codeigniter4-framework-b3359be/system/BaseModel.php(714): CodeIgniter\Model->doFirst()
#5 /home/midera/S4/Mr Rojo/FORMULAIRE LUNDI/codeigniter4-framework-b3359be/app/Controllers/AuthController.php(27): CodeIgniter\BaseModel->first()
#6 /home/midera/S4/Mr Rojo/FORMULAIRE LUNDI/codeigniter4-framework-b3359be/system/CodeIgniter.php(951): App\Controllers\AuthController->attempt()
#7 /home/midera/S4/Mr Rojo/FORMULAIRE LUNDI/codeigniter4-framework-b3359be/system/CodeIgniter.php(497): CodeIgniter\CodeIgniter->runController()
#8 /home/midera/S4/Mr Rojo/FORMULAIRE LUNDI/codeigniter4-framework-b3359be/system/CodeIgniter.php(340): CodeIgniter\CodeIgniter->handleRequest()
#9 /home/midera/S4/Mr Rojo/FORMULAIRE LUNDI/codeigniter4-framework-b3359be/system/Boot.php(417): CodeIgniter\CodeIgniter->run()
#10 /home/midera/S4/Mr Rojo/FORMULAIRE LUNDI/codeigniter4-framework-b3359be/system/Boot.php(68): CodeIgniter\Boot::runCodeIgniter()
#11 /home/midera/S4/Mr Rojo/FORMULAIRE LUNDI/codeigniter4-framework-b3359be/public/index.php(59): CodeIgniter\Boot::bootWeb()
#12 {main}
CRITICAL - 2026-05-06 07:21:19 --> CodeIgniter\Database\Exceptions\DatabaseException: Unable to connect to the database.
Main connection [MySQLi]: No such file or directory
[Method: POST, Route: login]
in SYSTEMPATH/Database/BaseConnection.php on line 606.
 1 SYSTEMPATH/Database/BaseConnection.php(795): CodeIgniter\Database\BaseConnection->initialize()
 2 SYSTEMPATH/Database/BaseBuilder.php(1649): CodeIgniter\Database\BaseConnection->query()
 3 SYSTEMPATH/Model.php(295): CodeIgniter\Database\BaseBuilder->get()
 4 SYSTEMPATH/BaseModel.php(714): CodeIgniter\Model->doFirst()
 5 APPPATH/Controllers/AuthController.php(27): CodeIgniter\BaseModel->first()
 6 SYSTEMPATH/CodeIgniter.php(951): App\Controllers\AuthController->attempt()
 7 SYSTEMPATH/CodeIgniter.php(497): CodeIgniter\CodeIgniter->runController()
 8 SYSTEMPATH/CodeIgniter.php(340): CodeIgniter\CodeIgniter->handleRequest()
 9 SYSTEMPATH/Boot.php(417): CodeIgniter\CodeIgniter->run()
10 SYSTEMPATH/Boot.php(68): CodeIgniter\Boot::runCodeIgniter()
11 FCPATH/index.php(59): CodeIgniter\Boot::bootWeb()
ERROR - 2026-05-06 07:25:18 --> Error connecting to the database: mysqli_sql_exception: No such file or directory in /home/midera/S4/Mr Rojo/FORMULAIRE LUNDI/codeigniter4-framework-b3359be/system/Database/MySQLi/Connection.php:201
Stack trace:
#0 /home/midera/S4/Mr Rojo/FORMULAIRE LUNDI/codeigniter4-framework-b3359be/system/Database/MySQLi/Connection.php(201): mysqli->real_connect()
#1 /home/midera/S4/Mr Rojo/FORMULAIRE LUNDI/codeigniter4-framework-b3359be/system/Database/BaseConnection.php(555): CodeIgniter\Database\MySQLi\Connection->connect()
#2 /home/midera/S4/Mr Rojo/FORMULAIRE LUNDI/codeigniter4-framework-b3359be/system/Database/BaseConnection.php(795): CodeIgniter\Database\BaseConnection->initialize()
#3 /home/midera/S4/Mr Rojo/FORMULAIRE LUNDI/codeigniter4-framework-b3359be/system/Database/BaseBuilder.php(1649): CodeIgniter\Database\BaseConnection->query()
#4 /home/midera/S4/Mr Rojo/FORMULAIRE LUNDI/codeigniter4-framework-b3359be/system/Model.php(295): CodeIgniter\Database\BaseBuilder->get()
#5 /home/midera/S4/Mr Rojo/FORMULAIRE LUNDI/codeigniter4-framework-b3359be/system/BaseModel.php(714): CodeIgniter\Model->doFirst()
#6 /home/midera/S4/Mr Rojo/FORMULAIRE LUNDI/codeigniter4-framework-b3359be/app/Controllers/AuthController.php(27): CodeIgniter\BaseModel->first()
#7 /home/midera/S4/Mr Rojo/FORMULAIRE LUNDI/codeigniter4-framework-b3359be/system/CodeIgniter.php(951): App\Controllers\AuthController->attempt()
#8 /home/midera/S4/Mr Rojo/FORMULAIRE LUNDI/codeigniter4-framework-b3359be/system/CodeIgniter.php(497): CodeIgniter\CodeIgniter->runController()
#9 /home/midera/S4/Mr Rojo/FORMULAIRE LUNDI/codeigniter4-framework-b3359be/system/CodeIgniter.php(340): CodeIgniter\CodeIgniter->handleRequest()
#10 /home/midera/S4/Mr Rojo/FORMULAIRE LUNDI/codeigniter4-framework-b3359be/system/Boot.php(417): CodeIgniter\CodeIgniter->run()
#11 /home/midera/S4/Mr Rojo/FORMULAIRE LUNDI/codeigniter4-framework-b3359be/system/Boot.php(68): CodeIgniter\Boot::runCodeIgniter()
#12 /home/midera/S4/Mr Rojo/FORMULAIRE LUNDI/codeigniter4-framework-b3359be/public/index.php(59): CodeIgniter\Boot::bootWeb()
#13 {main}

Next CodeIgniter\Database\Exceptions\DatabaseException: No such file or directory in /home/midera/S4/Mr Rojo/FORMULAIRE LUNDI/codeigniter4-framework-b3359be/system/Database/MySQLi/Connection.php:231
Stack trace:
#0 /home/midera/S4/Mr Rojo/FORMULAIRE LUNDI/codeigniter4-framework-b3359be/system/Database/BaseConnection.php(555): CodeIgniter\Database\MySQLi\Connection->connect()
#1 /home/midera/S4/Mr Rojo/FORMULAIRE LUNDI/codeigniter4-framework-b3359be/system/Database/BaseConnection.php(795): CodeIgniter\Database\BaseConnection->initialize()
#2 /home/midera/S4/Mr Rojo/FORMULAIRE LUNDI/codeigniter4-framework-b3359be/system/Database/BaseBuilder.php(1649): CodeIgniter\Database\BaseConnection->query()
#3 /home/midera/S4/Mr Rojo/FORMULAIRE LUNDI/codeigniter4-framework-b3359be/system/Model.php(295): CodeIgniter\Database\BaseBuilder->get()
#4 /home/midera/S4/Mr Rojo/FORMULAIRE LUNDI/codeigniter4-framework-b3359be/system/BaseModel.php(714): CodeIgniter\Model->doFirst()
#5 /home/midera/S4/Mr Rojo/FORMULAIRE LUNDI/codeigniter4-framework-b3359be/app/Controllers/AuthController.php(27): CodeIgniter\BaseModel->first()
#6 /home/midera/S4/Mr Rojo/FORMULAIRE LUNDI/codeigniter4-framework-b3359be/system/CodeIgniter.php(951): App\Controllers\AuthController->attempt()
#7 /home/midera/S4/Mr Rojo/FORMULAIRE LUNDI/codeigniter4-framework-b3359be/system/CodeIgniter.php(497): CodeIgniter\CodeIgniter->runController()
#8 /home/midera/S4/Mr Rojo/FORMULAIRE LUNDI/codeigniter4-framework-b3359be/system/CodeIgniter.php(340): CodeIgniter\CodeIgniter->handleRequest()
#9 /home/midera/S4/Mr Rojo/FORMULAIRE LUNDI/codeigniter4-framework-b3359be/system/Boot.php(417): CodeIgniter\CodeIgniter->run()
#10 /home/midera/S4/Mr Rojo/FORMULAIRE LUNDI/codeigniter4-framework-b3359be/system/Boot.php(68): CodeIgniter\Boot::runCodeIgniter()
#11 /home/midera/S4/Mr Rojo/FORMULAIRE LUNDI/codeigniter4-framework-b3359be/public/index.php(59): CodeIgniter\Boot::bootWeb()
#12 {main}
CRITICAL - 2026-05-06 07:25:18 --> CodeIgniter\Database\Exceptions\DatabaseException: Unable to connect to the database.
Main connection [MySQLi]: No such file or directory
[Method: POST, Route: login]
in SYSTEMPATH/Database/BaseConnection.php on line 606.
 1 SYSTEMPATH/Database/BaseConnection.php(795): CodeIgniter\Database\BaseConnection->initialize()
 2 SYSTEMPATH/Database/BaseBuilder.php(1649): CodeIgniter\Database\BaseConnection->query()
 3 SYSTEMPATH/Model.php(295): CodeIgniter\Database\BaseBuilder->get()
 4 SYSTEMPATH/BaseModel.php(714): CodeIgniter\Model->doFirst()
 5 APPPATH/Controllers/AuthController.php(27): CodeIgniter\BaseModel->first()
 6 SYSTEMPATH/CodeIgniter.php(951): App\Controllers\AuthController->attempt()
 7 SYSTEMPATH/CodeIgniter.php(497): CodeIgniter\CodeIgniter->runController()
 8 SYSTEMPATH/CodeIgniter.php(340): CodeIgniter\CodeIgniter->handleRequest()
 9 SYSTEMPATH/Boot.php(417): CodeIgniter\CodeIgniter->run()
10 SYSTEMPATH/Boot.php(68): CodeIgniter\Boot::runCodeIgniter()
11 FCPATH/index.php(59): CodeIgniter\Boot::bootWeb()
ERROR - 2026-05-06 07:25:41 --> Error connecting to the database: mysqli_sql_exception: No such file or directory in /home/midera/S4/Mr Rojo/FORMULAIRE LUNDI/codeigniter4-framework-b3359be/system/Database/MySQLi/Connection.php:201
Stack trace:
#0 /home/midera/S4/Mr Rojo/FORMULAIRE LUNDI/codeigniter4-framework-b3359be/system/Database/MySQLi/Connection.php(201): mysqli->real_connect()
#1 /home/midera/S4/Mr Rojo/FORMULAIRE LUNDI/codeigniter4-framework-b3359be/system/Database/BaseConnection.php(555): CodeIgniter\Database\MySQLi\Connection->connect()
#2 /home/midera/S4/Mr Rojo/FORMULAIRE LUNDI/codeigniter4-framework-b3359be/system/Database/BaseConnection.php(795): CodeIgniter\Database\BaseConnection->initialize()
#3 /home/midera/S4/Mr Rojo/FORMULAIRE LUNDI/codeigniter4-framework-b3359be/system/Database/BaseBuilder.php(1649): CodeIgniter\Database\BaseConnection->query()
#4 /home/midera/S4/Mr Rojo/FORMULAIRE LUNDI/codeigniter4-framework-b3359be/system/Model.php(295): CodeIgniter\Database\BaseBuilder->get()
#5 /home/midera/S4/Mr Rojo/FORMULAIRE LUNDI/codeigniter4-framework-b3359be/system/BaseModel.php(714): CodeIgniter\Model->doFirst()
#6 /home/midera/S4/Mr Rojo/FORMULAIRE LUNDI/codeigniter4-framework-b3359be/app/Controllers/RegisterController.php(31): CodeIgniter\BaseModel->first()
#7 /home/midera/S4/Mr Rojo/FORMULAIRE LUNDI/codeigniter4-framework-b3359be/system/CodeIgniter.php(951): App\Controllers\RegisterController->step1Save()
#8 /home/midera/S4/Mr Rojo/FORMULAIRE LUNDI/codeigniter4-framework-b3359be/system/CodeIgniter.php(497): CodeIgniter\CodeIgniter->runController()
#9 /home/midera/S4/Mr Rojo/FORMULAIRE LUNDI/codeigniter4-framework-b3359be/system/CodeIgniter.php(340): CodeIgniter\CodeIgniter->handleRequest()
#10 /home/midera/S4/Mr Rojo/FORMULAIRE LUNDI/codeigniter4-framework-b3359be/system/Boot.php(417): CodeIgniter\CodeIgniter->run()
#11 /home/midera/S4/Mr Rojo/FORMULAIRE LUNDI/codeigniter4-framework-b3359be/system/Boot.php(68): CodeIgniter\Boot::runCodeIgniter()
#12 /home/midera/S4/Mr Rojo/FORMULAIRE LUNDI/codeigniter4-framework-b3359be/public/index.php(59): CodeIgniter\Boot::bootWeb()
#13 {main}

Next CodeIgniter\Database\Exceptions\DatabaseException: No such file or directory in /home/midera/S4/Mr Rojo/FORMULAIRE LUNDI/codeigniter4-framework-b3359be/system/Database/MySQLi/Connection.php:231
Stack trace:
#0 /home/midera/S4/Mr Rojo/FORMULAIRE LUNDI/codeigniter4-framework-b3359be/system/Database/BaseConnection.php(555): CodeIgniter\Database\MySQLi\Connection->connect()
#1 /home/midera/S4/Mr Rojo/FORMULAIRE LUNDI/codeigniter4-framework-b3359be/system/Database/BaseConnection.php(795): CodeIgniter\Database\BaseConnection->initialize()
#2 /home/midera/S4/Mr Rojo/FORMULAIRE LUNDI/codeigniter4-framework-b3359be/system/Database/BaseBuilder.php(1649): CodeIgniter\Database\BaseConnection->query()
#3 /home/midera/S4/Mr Rojo/FORMULAIRE LUNDI/codeigniter4-framework-b3359be/system/Model.php(295): CodeIgniter\Database\BaseBuilder->get()
#4 /home/midera/S4/Mr Rojo/FORMULAIRE LUNDI/codeigniter4-framework-b3359be/system/BaseModel.php(714): CodeIgniter\Model->doFirst()
#5 /home/midera/S4/Mr Rojo/FORMULAIRE LUNDI/codeigniter4-framework-b3359be/app/Controllers/RegisterController.php(31): CodeIgniter\BaseModel->first()
#6 /home/midera/S4/Mr Rojo/FORMULAIRE LUNDI/codeigniter4-framework-b3359be/system/CodeIgniter.php(951): App\Controllers\RegisterController->step1Save()
#7 /home/midera/S4/Mr Rojo/FORMULAIRE LUNDI/codeigniter4-framework-b3359be/system/CodeIgniter.php(497): CodeIgniter\CodeIgniter->runController()
#8 /home/midera/S4/Mr Rojo/FORMULAIRE LUNDI/codeigniter4-framework-b3359be/system/CodeIgniter.php(340): CodeIgniter\CodeIgniter->handleRequest()
#9 /home/midera/S4/Mr Rojo/FORMULAIRE LUNDI/codeigniter4-framework-b3359be/system/Boot.php(417): CodeIgniter\CodeIgniter->run()
#10 /home/midera/S4/Mr Rojo/FORMULAIRE LUNDI/codeigniter4-framework-b3359be/system/Boot.php(68): CodeIgniter\Boot::runCodeIgniter()
#11 /home/midera/S4/Mr Rojo/FORMULAIRE LUNDI/codeigniter4-framework-b3359be/public/index.php(59): CodeIgniter\Boot::bootWeb()
#12 {main}
CRITICAL - 2026-05-06 07:25:41 --> CodeIgniter\Database\Exceptions\DatabaseException: Unable to connect to the database.
Main connection [MySQLi]: No such file or directory
[Method: POST, Route: register-step1]
in SYSTEMPATH/Database/BaseConnection.php on line 606.
 1 SYSTEMPATH/Database/BaseConnection.php(795): CodeIgniter\Database\BaseConnection->initialize()
 2 SYSTEMPATH/Database/BaseBuilder.php(1649): CodeIgniter\Database\BaseConnection->query()
 3 SYSTEMPATH/Model.php(295): CodeIgniter\Database\BaseBuilder->get()
 4 SYSTEMPATH/BaseModel.php(714): CodeIgniter\Model->doFirst()
 5 APPPATH/Controllers/RegisterController.php(31): CodeIgniter\BaseModel->first()
 6 SYSTEMPATH/CodeIgniter.php(951): App\Controllers\RegisterController->step1Save()
 7 SYSTEMPATH/CodeIgniter.php(497): CodeIgniter\CodeIgniter->runController()
 8 SYSTEMPATH/CodeIgniter.php(340): CodeIgniter\CodeIgniter->handleRequest()
 9 SYSTEMPATH/Boot.php(417): CodeIgniter\CodeIgniter->run()
10 SYSTEMPATH/Boot.php(68): CodeIgniter\Boot::runCodeIgniter()
11 FCPATH/index.php(59): CodeIgniter\Boot::bootWeb()
